// Jest Snapshot v1, https://goo.gl/fbAQLP

exports[`<Error /> renders correctly 1`] = `
<div
  className="error"
>
  Test 123
</div>
`;
