// Jest Snapshot v1, https://goo.gl/fbAQLP

exports[`<FieldLabel /> renders correctly 1`] = `
<div
  className="field-label"
>
  Test 123
</div>
`;
