// Jest Snapshot v1, https://goo.gl/fbAQLP

exports[`<UserListErrorAlert /> renders correctly 1`] = `
<div
  className="user-list-error-alert"
>
  Test
</div>
`;
