// Jest Snapshot v1, https://goo.gl/fbAQLP

exports[`<UserAvatar /> renders correctly 1`] = `
<div
  className="user-avatar"
>
  <img
    alt="avatar"
    src="test.jpg"
  />
</div>
`;
